===== 0_test.txt =====
﻿2026-09-17T11:23:41.4508788Z Current runner version: '2.337.0'
2026-09-17T11:23:41.4535317Z ##[group]Runner Image Provisioner
2026-09-17T11:23:41.4536403Z Hosted Compute Agent
2026-09-17T11:23:41.4537117Z Version: 20260828.587
2026-09-17T11:23:41.4537940Z Commit: abac92662cab4cc7352de4f9f9d2e2419aad9c29
2026-09-17T11:23:41.4538793Z Build Date: 2026-08-28T16:44:25Z
2026-09-17T11:23:41.4539652Z Worker ID: {71e4e03c-408a-4c4d-a0d6-daf72c94e7aa}
2026-09-17T11:23:41.4540488Z Azure Region: centralus
2026-09-17T11:23:41.4541137Z ##[endgroup]
2026-09-17T11:23:41.4542882Z ##[group]Operating System
2026-09-17T11:23:41.4543574Z Ubuntu
2026-09-17T11:23:41.4544209Z 24.04.5
2026-09-17T11:23:41.4544794Z LTS
2026-09-17T11:23:41.4545358Z ##[endgroup]
2026-09-17T11:23:41.4546208Z ##[group]Runner Image
2026-09-17T11:23:41.4546882Z Image: ubuntu-24.04
2026-09-17T11:23:41.4547551Z Version: 20260907.300.1
2026-09-17T11:23:41.4549013Z Included Software: https://github.com/actions/runner-images/blob/ubuntu24/20260907.300/images/ubuntu/Ubuntu2404-Readme.md
2026-09-17T11:23:41.4551014Z Image Release: https://github.com/actions/runner-images/releases/tag/ubuntu24%2F20260907.300
2026-09-17T11:23:41.4552300Z ##[endgroup]
2026-09-17T11:23:41.4553795Z ##[group]GITHUB_TOKEN Permissions
2026-09-17T11:23:41.4556384Z Contents: read
2026-09-17T11:23:41.4557100Z Metadata: read
2026-09-17T11:23:41.4557824Z Packages: read
2026-09-17T11:23:41.4558449Z ##[endgroup]
2026-09-17T11:23:41.4561178Z Secret source: Actions
2026-09-17T11:23:41.4562273Z Cache mode: write
2026-09-17T11:23:41.4563404Z Prepare workflow directory
2026-09-17T11:23:41.4945650Z Prepare all required actions
2026-09-17T11:23:41.5005088Z Getting action download info
2026-09-17T11:23:41.7312580Z Download action repository 'actions/checkout@v4' (SHA:11d5960a326750d5838078e36cf38b85af677262)
2026-09-17T11:23:42.2344470Z Download action repository 'actions/setup-python@v5' (SHA:a26af69be951a213d495a4c3e4e4022e16d87065)
2026-09-17T11:23:42.8075089Z Complete job name: test
2026-09-17T11:23:42.8653462Z Node 20 is being deprecated. This workflow is running with Node 24 by default. If you need to temporarily use Node 20, you can set the ACTIONS_ALLOW_USE_UNSECURE_NODE_VERSION=true environment variable. For more information see: https://github.blog/changelog/2025-09-19-deprecation-of-node-20-on-github-actions-runners/
2026-09-17T11:23:42.8661138Z ##[group]Run actions/checkout@v4
2026-09-17T11:23:42.8661865Z with:
2026-09-17T11:23:42.8662445Z   repository: Shruti-Gorhe/autoheal-demo-repo
2026-09-17T11:23:42.8666424Z   token: ***
2026-09-17T11:23:42.8666948Z   ssh-strict: true
2026-09-17T11:23:42.8667443Z   ssh-user: git
2026-09-17T11:23:42.8667932Z   persist-credentials: true
2026-09-17T11:23:42.8668478Z   clean: true
2026-09-17T11:23:42.8668992Z   sparse-checkout-cone-mode: true
2026-09-17T11:23:42.8669589Z   fetch-depth: 1
2026-09-17T11:23:42.8670073Z   fetch-tags: false
2026-09-17T11:23:42.8670563Z   show-progress: true
2026-09-17T11:23:42.8671072Z   lfs: false
2026-09-17T11:23:42.8671678Z   submodules: false
2026-09-17T11:23:42.8672199Z   set-safe-directory: true
2026-09-17T11:23:42.8672747Z   allow-unsafe-pr-checkout: false
2026-09-17T11:23:42.8673425Z ##[endgroup]
2026-09-17T11:23:42.9516039Z Syncing repository: Shruti-Gorhe/autoheal-demo-repo
2026-09-17T11:23:42.9518521Z ##[group]Getting Git version info
2026-09-17T11:23:42.9519455Z Working directory is '/home/runner/work/autoheal-demo-repo/autoheal-demo-repo'
2026-09-17T11:23:42.9520612Z [command]/usr/bin/git version
2026-09-17T11:23:42.9592104Z git version 2.55.0
2026-09-17T11:23:42.9611802Z ##[endgroup]
2026-09-17T11:23:42.9630363Z Temporarily overriding HOME='/home/runner/work/_temp/9961df72-9e83-4338-8fa1-b92a144d31d8' before making global git config changes
2026-09-17T11:23:42.9639164Z Adding repository directory to the temporary git global config as a safe directory
2026-09-17T11:23:42.9641324Z [command]/usr/bin/git config --global --add safe.directory /home/runner/work/autoheal-demo-repo/autoheal-demo-repo
2026-09-17T11:23:42.9721532Z Deleting the contents of '/home/runner/work/autoheal-demo-repo/autoheal-demo-repo'
2026-09-17T11:23:42.9724682Z ##[group]Initializing the repository
2026-09-17T11:23:42.9728386Z [command]/usr/bin/git init /home/runner/work/autoheal-demo-repo/autoheal-demo-repo
2026-09-17T11:23:42.9924350Z hint: Using 'master' as the name for the initial branch. This default branch name
2026-09-17T11:23:42.9926112Z hint: will change to "main" in Git 3.0. To configure the initial branch name
2026-09-17T11:23:42.9936811Z hint: to use in all of your new repositories, which will suppress this warning,
2026-09-17T11:23:42.9937934Z hint: call:
2026-09-17T11:23:42.9938759Z hint:
2026-09-17T11:23:42.9939533Z hint: 	git config --global init.defaultBranch <name>
2026-09-17T11:23:42.9940315Z hint:
2026-09-17T11:23:42.9941141Z hint: Names commonly chosen instead of 'master' are 'main', 'trunk' and
2026-09-17T11:23:42.9942573Z hint: 'development'. The just-created branch can be renamed via this command:
2026-09-17T11:23:42.9943668Z hint:
2026-09-17T11:23:42.9944191Z hint: 	git branch -m <name>
2026-09-17T11:23:42.9944709Z hint:
2026-09-17T11:23:42.9945383Z hint: Disable this message with "git config set advice.defaultBranchName false"
2026-09-17T11:23:42.9946855Z Initialized empty Git repository in /home/runner/work/autoheal-demo-repo/autoheal-demo-repo/.git/
2026-09-17T11:23:42.9948758Z [command]/usr/bin/git remote add origin https://github.com/Shruti-Gorhe/autoheal-demo-repo
2026-09-17T11:23:43.0114255Z ##[endgroup]
2026-09-17T11:23:43.0115360Z ##[group]Disabling automatic garbage collection
2026-09-17T11:23:43.0117906Z [command]/usr/bin/git config --local gc.auto 0
2026-09-17T11:23:43.0219735Z ##[endgroup]
2026-09-17T11:23:43.0221006Z ##[group]Setting up auth
2026-09-17T11:23:43.0224946Z [command]/usr/bin/git config --local --name-only --get-regexp core\.sshCommand
2026-09-17T11:23:43.0251327Z [command]/usr/bin/git submodule foreach --recursive sh -c "git config --local --name-only --get-regexp 'core\.sshCommand' && git config --local --unset-all 'core.sshCommand' || :"
2026-09-17T11:23:43.0516524Z [command]/usr/bin/git config --local --name-only --get-regexp http\.https\:\/\/github\.com\/\.extraheader
2026-09-17T11:23:43.0542727Z [command]/usr/bin/git submodule foreach --recursive sh -c "git config --local --name-only --get-regexp 'http\.https\:\/\/github\.com\/\.extraheader' && git config --local --unset-all 'http.https://github.com/.extraheader' || :"
2026-09-17T11:23:43.0700540Z [command]/usr/bin/git config --local --name-only --get-regexp ^includeIf\.gitdir:
2026-09-17T11:23:43.0727384Z [command]/usr/bin/git submodule foreach --recursive git config --local --show-origin --name-only --get-regexp remote.origin.url
2026-09-17T11:23:43.0888621Z [command]/usr/bin/git config --local http.https://github.com/.extraheader AUTHORIZATION: basic ***
2026-09-17T11:23:43.0914333Z ##[endgroup]
2026-09-17T11:23:43.0915224Z ##[group]Fetching the repository
2026-09-17T11:23:43.0922536Z [command]/usr/bin/git -c protocol.version=2 fetch --no-tags --prune --no-recurse-submodules --depth=1 origin +b7945372e1c88adf559c67a1707f48c9e0ee6ce6:refs/remotes/origin/main
2026-09-17T11:23:43.3991299Z From https://github.com/Shruti-Gorhe/autoheal-demo-repo
2026-09-17T11:23:43.3993406Z  * [new ref]         b7945372e1c88adf559c67a1707f48c9e0ee6ce6 -> origin/main
2026-09-17T11:23:43.3997574Z ##[endgroup]
2026-09-17T11:23:43.3999557Z ##[group]Determining the checkout info
2026-09-17T11:23:43.4001617Z ##[endgroup]
2026-09-17T11:23:43.4002662Z [command]/usr/bin/git sparse-checkout disable
2026-09-17T11:23:43.4038933Z [command]/usr/bin/git config --local --unset-all extensions.worktreeConfig
2026-09-17T11:23:43.4064262Z ##[group]Checking out the ref
2026-09-17T11:23:43.4067267Z [command]/usr/bin/git checkout --progress --force -B main refs/remotes/origin/main
2026-09-17T11:23:43.4115270Z branch 'main' set up to track 'origin/main'.
2026-09-17T11:23:43.4117457Z Switched to a new branch 'main'
2026-09-17T11:23:43.4121722Z ##[endgroup]
2026-09-17T11:23:43.4149686Z [command]/usr/bin/git log -1 --format=%H
2026-09-17T11:23:43.4167882Z b7945372e1c88adf559c67a1707f48c9e0ee6ce6
2026-09-17T11:23:43.4475503Z Node 20 is being deprecated. This workflow is running with Node 24 by default. If you need to temporarily use Node 20, you can set the ACTIONS_ALLOW_USE_UNSECURE_NODE_VERSION=true environment variable. For more information see: https://github.blog/changelog/2025-09-19-deprecation-of-node-20-on-github-actions-runners/
2026-09-17T11:23:43.4480481Z ##[group]Run actions/setup-python@v5
2026-09-17T11:23:43.4481558Z with:
2026-09-17T11:23:43.4482425Z   python-version: 3.11
2026-09-17T11:23:43.4483408Z   check-latest: false
2026-09-17T11:23:43.4491770Z   token: ***
2026-09-17T11:23:43.4492672Z   update-environment: true
2026-09-17T11:23:43.4493720Z   allow-prereleases: false
2026-09-17T11:23:43.4494714Z   freethreaded: false
2026-09-17T11:23:43.4495697Z ##[endgroup]
2026-09-17T11:23:43.5593798Z ##[group]Installed versions
2026-09-17T11:23:43.5666876Z (node:2022) [DEP0040] DeprecationWarning: The `punycode` module is deprecated. Please use a userland alternative instead.
2026-09-17T11:23:43.5670040Z (Use `node --trace-deprecation ...` to show where the warning was created)
2026-09-17T11:23:43.5671643Z Successfully set up CPython (3.11.16)
2026-09-17T11:23:43.5673240Z ##[endgroup]
2026-09-17T11:23:43.5865560Z ##[group]Run python -m pip install --upgrade pip
2026-09-17T11:23:43.5867628Z [36;1mpython -m pip install --upgrade pip[0m
2026-09-17T11:23:43.5869387Z [36;1mpip install pytest[0m
2026-09-17T11:23:43.5912870Z shell: /usr/bin/bash -e {0}
2026-09-17T11:23:43.5914360Z env:
2026-09-17T11:23:43.5916053Z   pythonLocation: /opt/hostedtoolcache/Python/3.11.16/x64
2026-09-17T11:23:43.5918469Z   PKG_CONFIG_PATH: /opt/hostedtoolcache/Python/3.11.16/x64/lib/pkgconfig
2026-09-17T11:23:43.5920803Z   Python_ROOT_DIR: /opt/hostedtoolcache/Python/3.11.16/x64
2026-09-17T11:23:43.5922995Z   Python2_ROOT_DIR: /opt/hostedtoolcache/Python/3.11.16/x64
2026-09-17T11:23:43.5925193Z   Python3_ROOT_DIR: /opt/hostedtoolcache/Python/3.11.16/x64
2026-09-17T11:23:43.5927678Z   LD_LIBRARY_PATH: /opt/hostedtoolcache/Python/3.11.16/x64/lib
2026-09-17T11:23:43.5929588Z ##[endgroup]
2026-09-17T11:23:44.1002150Z Requirement already satisfied: pip in /opt/hostedtoolcache/Python/3.11.16/x64/lib/python3.11/site-packages (26.2.1)
2026-09-17T11:23:44.6268630Z Collecting pytest
2026-09-17T11:23:44.7093151Z   Downloading pytest-9.1.1-py3-none-any.whl.metadata (7.6 kB)
2026-09-17T11:23:44.7298616Z Collecting iniconfig>=1.0.1 (from pytest)
2026-09-17T11:23:44.7453565Z   Downloading iniconfig-2.3.0-py3-none-any.whl.metadata (2.5 kB)
2026-09-17T11:23:44.7681052Z Collecting packaging>=22 (from pytest)
2026-09-17T11:23:44.7836775Z   Downloading packaging-26.3-py3-none-any.whl.metadata (3.5 kB)
2026-09-17T11:23:44.8042313Z Collecting pluggy<2,>=1.5 (from pytest)
2026-09-17T11:23:44.8202944Z   Downloading pluggy-1.6.0-py3-none-any.whl.metadata (4.8 kB)
2026-09-17T11:23:44.8463513Z Collecting pygments>=2.7.2 (from pytest)
2026-09-17T11:23:44.8617060Z   Downloading pygments-2.21.0-py3-none-any.whl.metadata (2.5 kB)
2026-09-17T11:23:44.8811971Z Downloading pytest-9.1.1-py3-none-any.whl (386 kB)
2026-09-17T11:23:44.9496673Z Downloading pluggy-1.6.0-py3-none-any.whl (20 kB)
2026-09-17T11:23:44.9670677Z Downloading iniconfig-2.3.0-py3-none-any.whl (7.5 kB)
2026-09-17T11:23:44.9849299Z Downloading packaging-26.3-py3-none-any.whl (129 kB)
2026-09-17T11:23:45.0045041Z Downloading pygments-2.21.0-py3-none-any.whl (1.3 MB)
2026-09-17T11:23:45.0524932Z    ━━━━━━━━━━━━━━━━━━━━━━━━━━━━━━━━━━━━━━━━ 1.3/1.3 MB 30.4 MB/s  0:00:00
2026-09-17T11:23:45.0873544Z Installing collected packages: pygments, pluggy, packaging, iniconfig, pytest
2026-09-17T11:23:45.7446909Z 
2026-09-17T11:23:45.7454114Z Successfully installed iniconfig-2.3.0 packaging-26.3 pluggy-1.6.0 pygments-2.21.0 pytest-9.1.1
2026-09-17T11:23:45.7916437Z ##[group]Run pytest -q
2026-09-17T11:23:45.7916773Z [36;1mpytest -q[0m
2026-09-17T11:23:45.7937469Z shell: /usr/bin/bash -e {0}
2026-09-17T11:23:45.7937845Z env:
2026-09-17T11:23:45.7938150Z   pythonLocation: /opt/hostedtoolcache/Python/3.11.16/x64
2026-09-17T11:23:45.7938779Z   PKG_CONFIG_PATH: /opt/hostedtoolcache/Python/3.11.16/x64/lib/pkgconfig
2026-09-17T11:23:45.7939199Z   Python_ROOT_DIR: /opt/hostedtoolcache/Python/3.11.16/x64
2026-09-17T11:23:45.7939612Z   Python2_ROOT_DIR: /opt/hostedtoolcache/Python/3.11.16/x64
2026-09-17T11:23:45.7940022Z   Python3_ROOT_DIR: /opt/hostedtoolcache/Python/3.11.16/x64
2026-09-17T11:23:45.7940407Z   LD_LIBRARY_PATH: /opt/hostedtoolcache/Python/3.11.16/x64/lib
2026-09-17T11:23:45.7940784Z ##[endgroup]
2026-09-17T11:23:46.0474951Z 
2026-09-17T11:23:46.0475839Z ==================================== ERRORS ====================================
2026-09-17T11:23:46.0477110Z __________________ ERROR collecting tests/test_calculator.py ___________________
2026-09-17T11:23:46.0478528Z ImportError while importing test module '/home/runner/work/autoheal-demo-repo/autoheal-demo-repo/tests/test_calculator.py'.
2026-09-17T11:23:46.0479829Z Hint: make sure your test modules/packages have valid Python names.
2026-09-17T11:23:46.0480529Z Traceback:
2026-09-17T11:23:46.0481216Z /opt/hostedtoolcache/Python/3.11.16/x64/lib/python3.11/importlib/__init__.py:126: in import_module
2026-09-17T11:23:46.0482090Z     return _bootstrap._gcd_import(name[level:], package, level)
2026-09-17T11:23:46.0483183Z            ^^^^^^^^^^^^^^^^^^^^^^^^^^^^^^^^^^^^^^^^^^^^^^^^^^^^
2026-09-17T11:23:46.0483824Z tests/test_calculator.py:1: in <module>
2026-09-17T11:23:46.0484427Z     from calculator import add
2026-09-17T11:23:46.0485052Z E   ModuleNotFoundError: No module named 'calculator'
2026-09-17T11:23:46.0485832Z =========================== short test summary info ============================
2026-09-17T11:23:46.0486478Z ERROR tests/test_calculator.py
2026-09-17T11:23:46.0487027Z !!!!!!!!!!!!!!!!!!!! Interrupted: 1 error during collection !!!!!!!!!!!!!!!!!!!!
2026-09-17T11:23:46.0487624Z 1 error in 0.07s
2026-09-17T11:23:46.0660085Z ##[error]Process completed with exit code 2.
2026-09-17T11:23:46.0776901Z Node 20 is being deprecated. This workflow is running with Node 24 by default. If you need to temporarily use Node 20, you can set the ACTIONS_ALLOW_USE_UNSECURE_NODE_VERSION=true environment variable. For more information see: https://github.blog/changelog/2025-09-19-deprecation-of-node-20-on-github-actions-runners/
2026-09-17T11:23:46.0777920Z Post job cleanup.
2026-09-17T11:23:46.1472168Z [command]/usr/bin/git version
2026-09-17T11:23:46.1503039Z git version 2.55.0
2026-09-17T11:23:46.1537261Z Temporarily overriding HOME='/home/runner/work/_temp/b1c19414-f2c8-4eb4-8e8f-d1615bedd01c' before making global git config changes
2026-09-17T11:23:46.1538400Z Adding repository directory to the temporary git global config as a safe directory
2026-09-17T11:23:46.1542822Z [command]/usr/bin/git config --global --add safe.directory /home/runner/work/autoheal-demo-repo/autoheal-demo-repo
2026-09-17T11:23:46.1573072Z [command]/usr/bin/git config --local --name-only --get-regexp core\.sshCommand
2026-09-17T11:23:46.1600882Z [command]/usr/bin/git submodule foreach --recursive sh -c "git config --local --name-only --get-regexp 'core\.sshCommand' && git config --local --unset-all 'core.sshCommand' || :"
2026-09-17T11:23:46.1781299Z [command]/usr/bin/git config --local --name-only --get-regexp http\.https\:\/\/github\.com\/\.extraheader
2026-09-17T11:23:46.1807972Z http.https://github.com/.extraheader
2026-09-17T11:23:46.1816875Z [command]/usr/bin/git config --local --unset-all http.https://github.com/.extraheader
2026-09-17T11:23:46.1846031Z [command]/usr/bin/git submodule foreach --recursive sh -c "git config --local --name-only --get-regexp 'http\.https\:\/\/github\.com\/\.extraheader' && git config --local --unset-all 'http.https://github.com/.extraheader' || :"
2026-09-17T11:23:46.2035742Z [command]/usr/bin/git config --local --name-only --get-regexp ^includeIf\.gitdir:
2026-09-17T11:23:46.2063188Z [command]/usr/bin/git submodule foreach --recursive git config --local --show-origin --name-only --get-regexp remote.origin.url
2026-09-17T11:23:46.2360298Z Cleaning up orphan processes
2026-09-17T11:23:46.2549520Z ##[warning]Node.js 20 is deprecated. The following actions target Node.js 20 but are being forced to run on Node.js 24: actions/checkout@v4, actions/setup-python@v5. For more information see: https://github.blog/changelog/2025-09-19-deprecation-of-node-20-on-github-actions-runners/


===== test/10_Post Checkout.txt =====
﻿2026-09-17T11:23:46.0776891Z Node 20 is being deprecated. This workflow is running with Node 24 by default. If you need to temporarily use Node 20, you can set the ACTIONS_ALLOW_USE_UNSECURE_NODE_VERSION=true environment variable. For more information see: https://github.blog/changelog/2025-09-19-deprecation-of-node-20-on-github-actions-runners/
2026-09-17T11:23:46.0777917Z Post job cleanup.
2026-09-17T11:23:46.1472151Z [command]/usr/bin/git version
2026-09-17T11:23:46.1503021Z git version 2.55.0
2026-09-17T11:23:46.1537248Z Temporarily overriding HOME='/home/runner/work/_temp/b1c19414-f2c8-4eb4-8e8f-d1615bedd01c' before making global git config changes
2026-09-17T11:23:46.1538397Z Adding repository directory to the temporary git global config as a safe directory
2026-09-17T11:23:46.1542815Z [command]/usr/bin/git config --global --add safe.directory /home/runner/work/autoheal-demo-repo/autoheal-demo-repo
2026-09-17T11:23:46.1572964Z [command]/usr/bin/git config --local --name-only --get-regexp core\.sshCommand
2026-09-17T11:23:46.1600864Z [command]/usr/bin/git submodule foreach --recursive sh -c "git config --local --name-only --get-regexp 'core\.sshCommand' && git config --local --unset-all 'core.sshCommand' || :"
2026-09-17T11:23:46.1781283Z [command]/usr/bin/git config --local --name-only --get-regexp http\.https\:\/\/github\.com\/\.extraheader
2026-09-17T11:23:46.1807955Z http.https://github.com/.extraheader
2026-09-17T11:23:46.1816863Z [command]/usr/bin/git config --local --unset-all http.https://github.com/.extraheader
2026-09-17T11:23:46.1846011Z [command]/usr/bin/git submodule foreach --recursive sh -c "git config --local --name-only --get-regexp 'http\.https\:\/\/github\.com\/\.extraheader' && git config --local --unset-all 'http.https://github.com/.extraheader' || :"
2026-09-17T11:23:46.2035724Z [command]/usr/bin/git config --local --name-only --get-regexp ^includeIf\.gitdir:
2026-09-17T11:23:46.2063153Z [command]/usr/bin/git submodule foreach --recursive git config --local --show-origin --name-only --get-regexp remote.origin.url


===== test/11_Complete job.txt =====
﻿2026-09-17T11:23:46.2360287Z Cleaning up orphan processes
2026-09-17T11:23:46.2549501Z ##[warning]Node.js 20 is deprecated. The following actions target Node.js 20 but are being forced to run on Node.js 24: actions/checkout@v4, actions/setup-python@v5. For more information see: https://github.blog/changelog/2025-09-19-deprecation-of-node-20-on-github-actions-runners/


===== test/1_Set up job.txt =====
﻿2026-09-17T11:23:41.4507935Z Current runner version: '2.337.0'
2026-09-17T11:23:41.4535280Z ##[group]Runner Image Provisioner
2026-09-17T11:23:41.4536393Z Hosted Compute Agent
2026-09-17T11:23:41.4537112Z Version: 20260828.587
2026-09-17T11:23:41.4537927Z Commit: abac92662cab4cc7352de4f9f9d2e2419aad9c29
2026-09-17T11:23:41.4538788Z Build Date: 2026-08-28T16:44:25Z
2026-09-17T11:23:41.4539649Z Worker ID: {71e4e03c-408a-4c4d-a0d6-daf72c94e7aa}
2026-09-17T11:23:41.4540484Z Azure Region: centralus
2026-09-17T11:23:41.4541133Z ##[endgroup]
2026-09-17T11:23:41.4542876Z ##[group]Operating System
2026-09-17T11:23:41.4543570Z Ubuntu
2026-09-17T11:23:41.4544204Z 24.04.5
2026-09-17T11:23:41.4544790Z LTS
2026-09-17T11:23:41.4545354Z ##[endgroup]
2026-09-17T11:23:41.4546198Z ##[group]Runner Image
2026-09-17T11:23:41.4546878Z Image: ubuntu-24.04
2026-09-17T11:23:41.4547546Z Version: 20260907.300.1
2026-09-17T11:23:41.4548804Z Included Software: https://github.com/actions/runner-images/blob/ubuntu24/20260907.300/images/ubuntu/Ubuntu2404-Readme.md
2026-09-17T11:23:41.4550997Z Image Release: https://github.com/actions/runner-images/releases/tag/ubuntu24%2F20260907.300
2026-09-17T11:23:41.4552284Z ##[endgroup]
2026-09-17T11:23:41.4553787Z ##[group]GITHUB_TOKEN Permissions
2026-09-17T11:23:41.4556365Z Contents: read
2026-09-17T11:23:41.4557095Z Metadata: read
2026-09-17T11:23:41.4557819Z Packages: read
2026-09-17T11:23:41.4558444Z ##[endgroup]
2026-09-17T11:23:41.4561154Z Secret source: Actions
2026-09-17T11:23:41.4562269Z Cache mode: write
2026-09-17T11:23:41.4563391Z Prepare workflow directory
2026-09-17T11:23:41.4945621Z Prepare all required actions
2026-09-17T11:23:41.5004997Z Getting action download info
2026-09-17T11:23:41.7312497Z Download action repository 'actions/checkout@v4' (SHA:11d5960a326750d5838078e36cf38b85af677262)
2026-09-17T11:23:42.2344450Z Download action repository 'actions/setup-python@v5' (SHA:a26af69be951a213d495a4c3e4e4022e16d87065)
2026-09-17T11:23:42.8075065Z Complete job name: test


===== test/2_Checkout.txt =====
﻿2026-09-17T11:23:42.8653431Z Node 20 is being deprecated. This workflow is running with Node 24 by default. If you need to temporarily use Node 20, you can set the ACTIONS_ALLOW_USE_UNSECURE_NODE_VERSION=true environment variable. For more information see: https://github.blog/changelog/2025-09-19-deprecation-of-node-20-on-github-actions-runners/
2026-09-17T11:23:42.8661105Z ##[group]Run actions/checkout@v4
2026-09-17T11:23:42.8661859Z with:
2026-09-17T11:23:42.8662440Z   repository: Shruti-Gorhe/autoheal-demo-repo
2026-09-17T11:23:42.8666412Z   token: ***
2026-09-17T11:23:42.8666944Z   ssh-strict: true
2026-09-17T11:23:42.8667438Z   ssh-user: git
2026-09-17T11:23:42.8667926Z   persist-credentials: true
2026-09-17T11:23:42.8668475Z   clean: true
2026-09-17T11:23:42.8668988Z   sparse-checkout-cone-mode: true
2026-09-17T11:23:42.8669586Z   fetch-depth: 1
2026-09-17T11:23:42.8670070Z   fetch-tags: false
2026-09-17T11:23:42.8670559Z   show-progress: true
2026-09-17T11:23:42.8671061Z   lfs: false
2026-09-17T11:23:42.8671558Z   submodules: false
2026-09-17T11:23:42.8672195Z   set-safe-directory: true
2026-09-17T11:23:42.8672743Z   allow-unsafe-pr-checkout: false
2026-09-17T11:23:42.8673421Z ##[endgroup]
2026-09-17T11:23:42.9515980Z Syncing repository: Shruti-Gorhe/autoheal-demo-repo
2026-09-17T11:23:42.9518510Z ##[group]Getting Git version info
2026-09-17T11:23:42.9519448Z Working directory is '/home/runner/work/autoheal-demo-repo/autoheal-demo-repo'
2026-09-17T11:23:42.9520607Z [command]/usr/bin/git version
2026-09-17T11:23:42.9592059Z git version 2.55.0
2026-09-17T11:23:42.9611769Z ##[endgroup]
2026-09-17T11:23:42.9630309Z Temporarily overriding HOME='/home/runner/work/_temp/9961df72-9e83-4338-8fa1-b92a144d31d8' before making global git config changes
2026-09-17T11:23:42.9639119Z Adding repository directory to the temporary git global config as a safe directory
2026-09-17T11:23:42.9641311Z [command]/usr/bin/git config --global --add safe.directory /home/runner/work/autoheal-demo-repo/autoheal-demo-repo
2026-09-17T11:23:42.9721409Z Deleting the contents of '/home/runner/work/autoheal-demo-repo/autoheal-demo-repo'
2026-09-17T11:23:42.9724672Z ##[group]Initializing the repository
2026-09-17T11:23:42.9728266Z [command]/usr/bin/git init /home/runner/work/autoheal-demo-repo/autoheal-demo-repo
2026-09-17T11:23:42.9924304Z hint: Using 'master' as the name for the initial branch. This default branch name
2026-09-17T11:23:42.9926095Z hint: will change to "main" in Git 3.0. To configure the initial branch name
2026-09-17T11:23:42.9936768Z hint: to use in all of your new repositories, which will suppress this warning,
2026-09-17T11:23:42.9937918Z hint: call:
2026-09-17T11:23:42.9938746Z hint:
2026-09-17T11:23:42.9939524Z hint: 	git config --global init.defaultBranch <name>
2026-09-17T11:23:42.9940311Z hint:
2026-09-17T11:23:42.9941126Z hint: Names commonly chosen instead of 'master' are 'main', 'trunk' and
2026-09-17T11:23:42.9942557Z hint: 'development'. The just-created branch can be renamed via this command:
2026-09-17T11:23:42.9943510Z hint:
2026-09-17T11:23:42.9944185Z hint: 	git branch -m <name>
2026-09-17T11:23:42.9944705Z hint:
2026-09-17T11:23:42.9945379Z hint: Disable this message with "git config set advice.defaultBranchName false"
2026-09-17T11:23:42.9946842Z Initialized empty Git repository in /home/runner/work/autoheal-demo-repo/autoheal-demo-repo/.git/
2026-09-17T11:23:42.9948753Z [command]/usr/bin/git remote add origin https://github.com/Shruti-Gorhe/autoheal-demo-repo
2026-09-17T11:23:43.0114216Z ##[endgroup]
2026-09-17T11:23:43.0115331Z ##[group]Disabling automatic garbage collection
2026-09-17T11:23:43.0117889Z [command]/usr/bin/git config --local gc.auto 0
2026-09-17T11:23:43.0219662Z ##[endgroup]
2026-09-17T11:23:43.0220991Z ##[group]Setting up auth
2026-09-17T11:23:43.0224926Z [command]/usr/bin/git config --local --name-only --get-regexp core\.sshCommand
2026-09-17T11:23:43.0251062Z [command]/usr/bin/git submodule foreach --recursive sh -c "git config --local --name-only --get-regexp 'core\.sshCommand' && git config --local --unset-all 'core.sshCommand' || :"
2026-09-17T11:23:43.0516476Z [command]/usr/bin/git config --local --name-only --get-regexp http\.https\:\/\/github\.com\/\.extraheader
2026-09-17T11:23:43.0542677Z [command]/usr/bin/git submodule foreach --recursive sh -c "git config --local --name-only --get-regexp 'http\.https\:\/\/github\.com\/\.extraheader' && git config --local --unset-all 'http.https://github.com/.extraheader' || :"
2026-09-17T11:23:43.0700476Z [command]/usr/bin/git config --local --name-only --get-regexp ^includeIf\.gitdir:
2026-09-17T11:23:43.0727318Z [command]/usr/bin/git submodule foreach --recursive git config --local --show-origin --name-only --get-regexp remote.origin.url
2026-09-17T11:23:43.0888569Z [command]/usr/bin/git config --local http.https://github.com/.extraheader AUTHORIZATION: basic ***
2026-09-17T11:23:43.0914296Z ##[endgroup]
2026-09-17T11:23:43.0915211Z ##[group]Fetching the repository
2026-09-17T11:23:43.0922468Z [command]/usr/bin/git -c protocol.version=2 fetch --no-tags --prune --no-recurse-submodules --depth=1 origin +b7945372e1c88adf559c67a1707f48c9e0ee6ce6:refs/remotes/origin/main
2026-09-17T11:23:43.3991254Z From https://github.com/Shruti-Gorhe/autoheal-demo-repo
2026-09-17T11:23:43.3993393Z  * [new ref]         b7945372e1c88adf559c67a1707f48c9e0ee6ce6 -> origin/main
2026-09-17T11:23:43.3997559Z ##[endgroup]
2026-09-17T11:23:43.3999546Z ##[group]Determining the checkout info
2026-09-17T11:23:43.4001607Z ##[endgroup]
2026-09-17T11:23:43.4002655Z [command]/usr/bin/git sparse-checkout disable
2026-09-17T11:23:43.4038883Z [command]/usr/bin/git config --local --unset-all extensions.worktreeConfig
2026-09-17T11:23:43.4064216Z ##[group]Checking out the ref
2026-09-17T11:23:43.4067241Z [command]/usr/bin/git checkout --progress --force -B main refs/remotes/origin/main
2026-09-17T11:23:43.4115216Z branch 'main' set up to track 'origin/main'.
2026-09-17T11:23:43.4117440Z Switched to a new branch 'main'
2026-09-17T11:23:43.4121710Z ##[endgroup]
2026-09-17T11:23:43.4149616Z [command]/usr/bin/git log -1 --format=%H
2026-09-17T11:23:43.4167846Z b7945372e1c88adf559c67a1707f48c9e0ee6ce6


===== test/3_Set up Python.txt =====
﻿2026-09-17T11:23:43.4475484Z Node 20 is being deprecated. This workflow is running with Node 24 by default. If you need to temporarily use Node 20, you can set the ACTIONS_ALLOW_USE_UNSECURE_NODE_VERSION=true environment variable. For more information see: https://github.blog/changelog/2025-09-19-deprecation-of-node-20-on-github-actions-runners/
2026-09-17T11:23:43.4480476Z ##[group]Run actions/setup-python@v5
2026-09-17T11:23:43.4481555Z with:
2026-09-17T11:23:43.4482421Z   python-version: 3.11
2026-09-17T11:23:43.4483405Z   check-latest: false
2026-09-17T11:23:43.4491760Z   token: ***
2026-09-17T11:23:43.4492669Z   update-environment: true
2026-09-17T11:23:43.4493717Z   allow-prereleases: false
2026-09-17T11:23:43.4494711Z   freethreaded: false
2026-09-17T11:23:43.4495690Z ##[endgroup]
2026-09-17T11:23:43.5593765Z ##[group]Installed versions
2026-09-17T11:23:43.5666841Z (node:2022) [DEP0040] DeprecationWarning: The `punycode` module is deprecated. Please use a userland alternative instead.
2026-09-17T11:23:43.5669966Z (Use `node --trace-deprecation ...` to show where the warning was created)
2026-09-17T11:23:43.5671603Z Successfully set up CPython (3.11.16)
2026-09-17T11:23:43.5673237Z ##[endgroup]


===== test/4_Install pytest.txt =====
﻿2026-09-17T11:23:43.5865379Z ##[group]Run python -m pip install --upgrade pip
2026-09-17T11:23:43.5867621Z [36;1mpython -m pip install --upgrade pip[0m
2026-09-17T11:23:43.5869382Z [36;1mpip install pytest[0m
2026-09-17T11:23:43.5912832Z shell: /usr/bin/bash -e {0}
2026-09-17T11:23:43.5914353Z env:
2026-09-17T11:23:43.5916039Z   pythonLocation: /opt/hostedtoolcache/Python/3.11.16/x64
2026-09-17T11:23:43.5918464Z   PKG_CONFIG_PATH: /opt/hostedtoolcache/Python/3.11.16/x64/lib/pkgconfig
2026-09-17T11:23:43.5920797Z   Python_ROOT_DIR: /opt/hostedtoolcache/Python/3.11.16/x64
2026-09-17T11:23:43.5922990Z   Python2_ROOT_DIR: /opt/hostedtoolcache/Python/3.11.16/x64
2026-09-17T11:23:43.5925189Z   Python3_ROOT_DIR: /opt/hostedtoolcache/Python/3.11.16/x64
2026-09-17T11:23:43.5927651Z   LD_LIBRARY_PATH: /opt/hostedtoolcache/Python/3.11.16/x64/lib
2026-09-17T11:23:43.5929573Z ##[endgroup]
2026-09-17T11:23:44.1001944Z Requirement already satisfied: pip in /opt/hostedtoolcache/Python/3.11.16/x64/lib/python3.11/site-packages (26.2.1)
2026-09-17T11:23:44.6268584Z Collecting pytest
2026-09-17T11:23:44.7093106Z   Downloading pytest-9.1.1-py3-none-any.whl.metadata (7.6 kB)
2026-09-17T11:23:44.7298576Z Collecting iniconfig>=1.0.1 (from pytest)
2026-09-17T11:23:44.7453526Z   Downloading iniconfig-2.3.0-py3-none-any.whl.metadata (2.5 kB)
2026-09-17T11:23:44.7681015Z Collecting packaging>=22 (from pytest)
2026-09-17T11:23:44.7836724Z   Downloading packaging-26.3-py3-none-any.whl.metadata (3.5 kB)
2026-09-17T11:23:44.8042276Z Collecting pluggy<2,>=1.5 (from pytest)
2026-09-17T11:23:44.8202903Z   Downloading pluggy-1.6.0-py3-none-any.whl.metadata (4.8 kB)
2026-09-17T11:23:44.8463480Z Collecting pygments>=2.7.2 (from pytest)
2026-09-17T11:23:44.8617024Z   Downloading pygments-2.21.0-py3-none-any.whl.metadata (2.5 kB)
2026-09-17T11:23:44.8811951Z Downloading pytest-9.1.1-py3-none-any.whl (386 kB)
2026-09-17T11:23:44.9496641Z Downloading pluggy-1.6.0-py3-none-any.whl (20 kB)
2026-09-17T11:23:44.9670633Z Downloading iniconfig-2.3.0-py3-none-any.whl (7.5 kB)
2026-09-17T11:23:44.9849266Z Downloading packaging-26.3-py3-none-any.whl (129 kB)
2026-09-17T11:23:45.0044984Z Downloading pygments-2.21.0-py3-none-any.whl (1.3 MB)
2026-09-17T11:23:45.0524893Z    ━━━━━━━━━━━━━━━━━━━━━━━━━━━━━━━━━━━━━━━━ 1.3/1.3 MB 30.4 MB/s  0:00:00
2026-09-17T11:23:45.0873513Z Installing collected packages: pygments, pluggy, packaging, iniconfig, pytest
2026-09-17T11:23:45.7446600Z 
2026-09-17T11:23:45.7454090Z Successfully installed iniconfig-2.3.0 packaging-26.3 pluggy-1.6.0 pygments-2.21.0 pytest-9.1.1


===== test/5_Run tests.txt =====
﻿2026-09-17T11:23:45.7916426Z ##[group]Run pytest -q
2026-09-17T11:23:45.7916771Z [36;1mpytest -q[0m
2026-09-17T11:23:45.7937462Z shell: /usr/bin/bash -e {0}
2026-09-17T11:23:45.7937842Z env:
2026-09-17T11:23:45.7938146Z   pythonLocation: /opt/hostedtoolcache/Python/3.11.16/x64
2026-09-17T11:23:45.7938775Z   PKG_CONFIG_PATH: /opt/hostedtoolcache/Python/3.11.16/x64/lib/pkgconfig
2026-09-17T11:23:45.7939196Z   Python_ROOT_DIR: /opt/hostedtoolcache/Python/3.11.16/x64
2026-09-17T11:23:45.7939610Z   Python2_ROOT_DIR: /opt/hostedtoolcache/Python/3.11.16/x64
2026-09-17T11:23:45.7940020Z   Python3_ROOT_DIR: /opt/hostedtoolcache/Python/3.11.16/x64
2026-09-17T11:23:45.7940405Z   LD_LIBRARY_PATH: /opt/hostedtoolcache/Python/3.11.16/x64/lib
2026-09-17T11:23:45.7940782Z ##[endgroup]
2026-09-17T11:23:46.0474921Z 
2026-09-17T11:23:46.0475780Z ==================================== ERRORS ====================================
2026-09-17T11:23:46.0476848Z __________________ ERROR collecting tests/test_calculator.py ___________________
2026-09-17T11:23:46.0478524Z ImportError while importing test module '/home/runner/work/autoheal-demo-repo/autoheal-demo-repo/tests/test_calculator.py'.
2026-09-17T11:23:46.0479825Z Hint: make sure your test modules/packages have valid Python names.
2026-09-17T11:23:46.0480526Z Traceback:
2026-09-17T11:23:46.0481213Z /opt/hostedtoolcache/Python/3.11.16/x64/lib/python3.11/importlib/__init__.py:126: in import_module
2026-09-17T11:23:46.0482087Z     return _bootstrap._gcd_import(name[level:], package, level)
2026-09-17T11:23:46.0483175Z            ^^^^^^^^^^^^^^^^^^^^^^^^^^^^^^^^^^^^^^^^^^^^^^^^^^^^
2026-09-17T11:23:46.0483818Z tests/test_calculator.py:1: in <module>
2026-09-17T11:23:46.0484421Z     from calculator import add
2026-09-17T11:23:46.0485046Z E   ModuleNotFoundError: No module named 'calculator'
2026-09-17T11:23:46.0485825Z =========================== short test summary info ============================
2026-09-17T11:23:46.0486474Z ERROR tests/test_calculator.py
2026-09-17T11:23:46.0487002Z !!!!!!!!!!!!!!!!!!!! Interrupted: 1 error during collection !!!!!!!!!!!!!!!!!!!!
2026-09-17T11:23:46.0487620Z 1 error in 0.07s
2026-09-17T11:23:46.0660064Z ##[error]Process completed with exit code 2.


===== test/system.txt =====
2026-09-17T11:23:39.3220000Z Evaluating test.if
2026-09-17T11:23:39.3220000Z Evaluating: success()
2026-09-17T11:23:39.3220000Z Result: true
2026-09-17T11:23:39.4820000Z Job is about to start running on the hosted runner: GitHub Actions 1000000018
2026-09-17T11:23:39.4820000Z Job is waiting for a hosted runner to come online.
2026-09-17T11:23:39.4650000Z Requested labels: ubuntu-latest
2026-09-17T11:23:39.4650000Z Job defined at: Shruti-Gorhe/autoheal-demo-repo/.github/workflows/autoheal-ci.yml@refs/heads/main
2026-09-17T11:23:39.4650000Z Waiting for a runner to pick up this job...